L 1 "C:\Users\Sokratis Koseoglou\AppData\Local\Arm\Packs\Keil\STM32F4xx_DFP\2.15.0\MDK\Boards\ST\32F469IDISCOVERY\Common\Buttons_32F469IDISCOVERY.c"
N/*-----------------------------------------------------------------------------
N * Copyright (c) 2018 Arm Limited (or its affiliates). All
N * rights reserved.
N *
N * SPDX-License-Identifier: BSD-3-Clause
N *
N * Redistribution and use in source and binary forms, with or without
N * modification, are permitted provided that the following conditions are met:
N *   1.Redistributions of source code must retain the above copyright
N *     notice, this list of conditions and the following disclaimer.
N *   2.Redistributions in binary form must reproduce the above copyright
N *     notice, this list of conditions and the following disclaimer in the
N *     documentation and/or other materials provided with the distribution.
N *   3.Neither the name of Arm nor the names of its contributors may be used
N *     to endorse or promote products derived from this software without
N *     specific prior written permission.
N *
N * THIS SOFTWARE IS PROVIDED BY THE COPYRIGHT HOLDERS AND CONTRIBUTORS "AS IS"
N * AND ANY EXPRESS OR IMPLIED WARRANTIES, INCLUDING, BUT NOT LIMITED TO, THE
N * IMPLIED WARRANTIES OF MERCHANTABILITY AND FITNESS FOR A PARTICULAR PURPOSE
N * ARE DISCLAIMED. IN NO EVENT SHALL COPYRIGHT HOLDERS AND CONTRIBUTORS BE
N * LIABLE FOR ANY DIRECT, INDIRECT, INCIDENTAL, SPECIAL, EXEMPLARY, OR
N * CONSEQUENTIAL DAMAGES (INCLUDING, BUT NOT LIMITED TO, PROCUREMENT OF
N * SUBSTITUTE GOODS OR SERVICES; LOSS OF USE, DATA, OR PROFITS; OR BUSINESS
N * INTERRUPTION) HOWEVER CAUSED AND ON ANY THEORY OF LIABILITY, WHETHER IN
N * CONTRACT, STRICT LIABILITY, OR TORT (INCLUDING NEGLIGENCE OR OTHERWISE)
N * ARISING IN ANY WAY OUT OF THE USE OF THIS SOFTWARE, EVEN IF ADVISED OF THE
N * POSSIBILITY OF SUCH DAMAGE.
N *-----------------------------------------------------------------------------
N * Name:    Buttons_32F401Discovery.c
N * Purpose: Buttons interface for 32F469IDISCOVERY Kit
N * Rev.:    1.0.0
N *----------------------------------------------------------------------------*/
N
C "C:\Users\Sokratis Koseoglou\AppData\Local\Arm\Packs\Keil\STM32F4xx_DFP\2.15.0\MDK\Boards\ST\32F469IDISCOVERY\Common\Buttons_32F469IDISCOVERY.c" 35 27 cannot open source input file "stm32f4xx_hal.h": No such file or directory
N#include "stm32f4xx_hal.h"
